// Jest Snapshot v1, https://goo.gl/fbAQLP

exports[`NotFound it should render 1`] = `
<div
  className="Page__app___1b3SY"
>
  <header
    className="Page__appHeader___zKEHC"
  >
    <h2>
      Earthquake Zen Garden
    </h2>
  </header>
  <br />
  <br />
  <div
    className="Page__content___3sLpF"
  >
    <h1>
      404 Not Found!
    </h1>
    <p>
      The page you are looking for was not found.
    </p>
  </div>
</div>
`;
